



  __                _                     _     
 / _|_ __ ___  __ _| |__   ___ _ __   ___| |__  
| |_| '__/ _ \/ _` | '_ \ / _ \ '_ \ / __| '_ \ 
|  _| | |  __/ (_| | |_) |  __/ | | | (__| | | |
|_| |_|  \___|\__, |_.__/ \___|_| |_|\___|_| |_|
                 |_|                            

           CPU benchmark • by kdrag0n

------------------------------------------------

Frequency domains: cpu1 cpu2 cpu5 cpu7 
Offline CPUs: cpu1 cpu2 cpu3 cpu4 cpu5 cpu6 cpu7 

===== CPU 1 =====
Frequencies: 422 460 533 729 883 1036 1190 1286 1363 1459 1555 1632 1766 1881 1996 2016 2054 2092 2169 2246

 422:  1980     4.7 C/MHz     38 mW   11.5 J   52.0 I/mJ   303.0 s
 460:  2159     4.7 C/MHz     40 mW   11.1 J   54.0 I/mJ   277.9 s
 533:  2497     4.7 C/MHz     42 mW   10.1 J   59.3 I/mJ   240.2 s
 729:  3420     4.7 C/MHz     51 mW    9.0 J   66.6 I/mJ   175.4 s
 883:  4140     4.7 C/MHz     60 mW    8.7 J   68.7 I/mJ   145.0 s
1036:  4862     4.7 C/MHz     68 mW    8.4 J   71.7 I/mJ   123.4 s
1190:  5582     4.7 C/MHz     77 mW    8.3 J   72.5 I/mJ   107.5 s
1286:  6035     4.7 C/MHz     85 mW    8.5 J   70.7 I/mJ    99.4 s
1363:  6396     4.7 C/MHz     91 mW    8.5 J   70.4 I/mJ    93.8 s
1459:  6850     4.7 C/MHz    100 mW    8.8 J   68.2 I/mJ    87.6 s
1555:  7293     4.7 C/MHz    109 mW    9.0 J   67.0 I/mJ    82.3 s
1632:  7659     4.7 C/MHz    115 mW    9.0 J   66.5 I/mJ    78.3 s
1766:  8289     4.7 C/MHz    133 mW    9.6 J   62.5 I/mJ    72.4 s
1881:  8828     4.7 C/MHz    148 mW   10.1 J   59.5 I/mJ    68.0 s
1996:  9355     4.7 C/MHz    169 mW   10.8 J   55.4 I/mJ    64.1 s
2016:  9450     4.7 C/MHz    176 mW   11.2 J   53.6 I/mJ    63.5 s
2054:  9632     4.7 C/MHz    190 mW   11.9 J   50.5 I/mJ    62.3 s
2092:  9823     4.7 C/MHz    202 mW   12.3 J   48.6 I/mJ    61.1 s
2169: 10171     4.7 C/MHz    240 mW   14.2 J   42.3 I/mJ    59.0 s
2246: 10532     4.7 C/MHz    283 mW   16.2 J   37.1 I/mJ    57.0 s


===== CPU 2 =====
Frequencies: 400 533 652 729 921 1075 1267 1401 1536 1670 1785 1862 1939 2092 2188 2284 2400 2534 2688 2841 2937 3052

 400:  3667     9.2 C/MHz     27 mW    4.4 J   137.0 I/mJ   163.6 s
 533:  4884     9.2 C/MHz     34 mW    4.2 J   142.3 I/mJ   122.8 s
 652:  5984     9.2 C/MHz     44 mW    4.4 J   136.1 I/mJ   100.3 s
 729:  6689     9.2 C/MHz     50 mW    4.4 J   135.0 I/mJ    89.7 s
 921:  8446     9.2 C/MHz     67 mW    4.8 J   125.4 I/mJ    71.0 s
1075:  9841     9.2 C/MHz     84 mW    5.1 J   117.7 I/mJ    61.0 s
1267: 11615     9.2 C/MHz    104 mW    5.4 J   111.6 I/mJ    51.7 s
1401: 12846     9.2 C/MHz    121 mW    5.6 J   106.5 I/mJ    46.7 s
1536: 14075     9.2 C/MHz    139 mW    5.9 J   101.5 I/mJ    42.6 s
1670: 15292     9.2 C/MHz    157 mW    6.2 J   97.3 I/mJ    39.2 s
1785: 16351     9.2 C/MHz    174 mW    6.4 J   94.1 I/mJ    36.7 s
1862: 17066     9.2 C/MHz    192 mW    6.7 J   89.0 I/mJ    35.2 s
1939: 17766     9.2 C/MHz    208 mW    7.0 J   85.1 I/mJ    33.8 s
2092: 19177     9.2 C/MHz    247 mW    7.7 J   77.5 I/mJ    31.3 s
2188: 20047     9.2 C/MHz    274 mW    8.2 J   73.2 I/mJ    29.9 s
2284: 20929     9.2 C/MHz    298 mW    8.5 J   70.2 I/mJ    28.7 s
2400: 21991     9.2 C/MHz    333 mW    9.1 J   66.0 I/mJ    27.3 s
2534: 23232     9.2 C/MHz    387 mW   10.0 J   59.9 I/mJ    25.8 s
2688: 24630     9.2 C/MHz    448 mW   10.9 J   54.9 I/mJ    24.4 s
2841: 26038     9.2 C/MHz    535 mW   12.3 J   48.6 I/mJ    23.0 s
2937: 26911     9.2 C/MHz    609 mW   13.6 J   44.2 I/mJ    22.3 s
3052: 27971     9.2 C/MHz    693 mW   14.9 J   40.3 I/mJ    21.5 s


===== CPU 5 =====
Frequencies: 400 533 652 729 921 1075 1267 1401 1536 1670 1785 1862 1939 2092 2188 2284 2400 2534 2688 2841 2937 3052

 400:  3665     9.2 C/MHz     27 mW    4.5 J   133.9 I/mJ   163.7 s
 533:  4883     9.2 C/MHz     36 mW    4.4 J   134.9 I/mJ   122.9 s
 652:  5985     9.2 C/MHz     46 mW    4.6 J   130.1 I/mJ   100.3 s
 729:  6687     9.2 C/MHz     52 mW    4.7 J   129.0 I/mJ    89.7 s
 921:  8440     9.2 C/MHz     70 mW    5.0 J   120.6 I/mJ    71.1 s
1075:  9857     9.2 C/MHz     85 mW    5.2 J   115.9 I/mJ    60.9 s
1267: 11621     9.2 C/MHz    106 mW    5.5 J   109.6 I/mJ    51.6 s
1401: 12834     9.2 C/MHz    122 mW    5.7 J   104.8 I/mJ    46.8 s
1536: 14076     9.2 C/MHz    140 mW    6.0 J   100.2 I/mJ    42.6 s
1670: 15307     9.2 C/MHz    157 mW    6.2 J   97.4 I/mJ    39.2 s
1785: 16366     9.2 C/MHz    173 mW    6.3 J   94.7 I/mJ    36.7 s
1862: 17060     9.2 C/MHz    194 mW    6.8 J   87.8 I/mJ    35.2 s
1939: 17770     9.2 C/MHz    214 mW    7.2 J   82.8 I/mJ    33.8 s
2092: 19176     9.2 C/MHz    262 mW    8.2 J   73.2 I/mJ    31.3 s
2188: 20063     9.2 C/MHz    286 mW    8.6 J   70.0 I/mJ    29.9 s
2284: 20924     9.2 C/MHz    312 mW    8.9 J   67.1 I/mJ    28.7 s
2400: 21999     9.2 C/MHz    341 mW    9.3 J   64.4 I/mJ    27.3 s
2534: 23217     9.2 C/MHz    387 mW   10.0 J   59.9 I/mJ    25.9 s
2688: 24636     9.2 C/MHz    435 mW   10.6 J   56.5 I/mJ    24.4 s
2841: 26042     9.2 C/MHz    535 mW   12.4 J   48.6 I/mJ    23.1 s
2937: 26899     9.2 C/MHz    616 mW   13.8 J   43.6 I/mJ    22.3 s
3052: 27979     9.2 C/MHz    705 mW   15.2 J   39.6 I/mJ    21.5 s


===== CPU 7 =====
Frequencies: 533 800 883 1036 1152 1305 1420 1593 1766 1920 2073 2208 2342 2457 2592 2707 2937 3168 3398 3590 3782

 533:  5677     10.7 C/MHz     79 mW    8.3 J   72.1 I/mJ   105.7 s
 800:  8525     10.7 C/MHz    109 mW    7.7 J   77.8 I/mJ    70.4 s
 883:  9424     10.7 C/MHz    124 mW    7.9 J   76.1 I/mJ    63.7 s
1036: 11060     10.7 C/MHz    144 mW    7.8 J   76.9 I/mJ    54.3 s
1152: 12276     10.7 C/MHz    170 mW    8.3 J   72.2 I/mJ    48.9 s
1305: 13926     10.7 C/MHz    198 mW    8.5 J   70.3 I/mJ    43.1 s
1420: 15161     10.7 C/MHz    227 mW    9.0 J   66.7 I/mJ    39.6 s
1593: 17011     10.7 C/MHz    263 mW    9.3 J   64.6 I/mJ    35.3 s
1766: 18782     10.6 C/MHz    304 mW    9.7 J   61.6 I/mJ    32.0 s
1920: 20474     10.7 C/MHz    341 mW   10.0 J   60.0 I/mJ    29.3 s
2073: 22126     10.7 C/MHz    383 mW   10.4 J   57.7 I/mJ    27.1 s
2208: 23531     10.7 C/MHz    431 mW   11.0 J   54.5 I/mJ    25.5 s
2342: 24956     10.7 C/MHz    485 mW   11.7 J   51.4 I/mJ    24.1 s
2457: 26232     10.7 C/MHz    564 mW   12.9 J   46.4 I/mJ    22.9 s
2592: 27604     10.6 C/MHz    622 mW   13.5 J   44.3 I/mJ    21.7 s
2707: 28852     10.7 C/MHz    671 mW   14.0 J   42.9 I/mJ    20.8 s
2937: 31289     10.7 C/MHz    782 mW   15.0 J   40.0 I/mJ    19.2 s
3168: 33763     10.7 C/MHz    992 mW   17.7 J   34.0 I/mJ    17.8 s
3398: 36267     10.7 C/MHz   1217 mW   20.2 J   29.7 I/mJ    16.6 s
3590: 38292     10.7 C/MHz   1615 mW   25.4 J   23.7 I/mJ    15.7 s
3782: 40339     10.7 C/MHz   2054 mW   30.6 J   19.6 I/mJ    14.9 s


Benchmark finished!
